C:\materija\ra1802013\lprs2\Vezba3\project\implementation\system.ngc 1458821865
C:/materija/ra1802013/lprs2/Vezba3/project/implementation/system_my_peripheral_0_wrapper.ngc 1458821845
C:/materija/ra1802013/lprs2/Vezba3/project/implementation/system_rs232_wrapper.ngc 1458821810
C:/materija/ra1802013/lprs2/Vezba3/project/implementation/system_proc_sys_reset_0_wrapper.ngc 1458821809
C:/materija/ra1802013/lprs2/Vezba3/project/implementation/system_clock_generator_0_wrapper.ngc 1458821848
C:/materija/ra1802013/lprs2/Vezba3/project/implementation/system_microblaze_0_ilmb_wrapper.ngc 1458821809
C:/materija/ra1802013/lprs2/Vezba3/project/implementation/system_microblaze_0_dlmb_wrapper.ngc 1458821809
C:/materija/ra1802013/lprs2/Vezba3/project/implementation/system_axi4lite_0_wrapper.ngc 1458821852
C:/materija/ra1802013/lprs2/Vezba3/project/implementation/system_microblaze_0_wrapper.ngc 1458821809
C:/materija/ra1802013/lprs2/Vezba3/project/implementation/system_microblaze_0_i_bram_ctrl_wrapper.ngc 1458821817
C:/materija/ra1802013/lprs2/Vezba3/project/implementation/system_microblaze_0_d_bram_ctrl_wrapper.ngc 1458821823
C:/materija/ra1802013/lprs2/Vezba3/project/implementation/system_debug_module_wrapper.ngc 1458821810
C:/materija/ra1802013/lprs2/Vezba3/project/implementation/system_microblaze_0_bram_block_wrapper.ngc 1458821809
OK
